{
  "data": {
    "rollcall_id": "6a845119-00d4-41ee-ad19-8e6603fe4318",
    "status": "up",
    "uptime": 466.285793,
    "version": "4.1.6"
  },
  "header": {
    "message_type": "agent",
    "timestamp": "2022-03-24T19:20:59.678170Z",
    "version": "0.6"
  },
  "msg": {
    "experiment_id": "8e6c2b0d-004b-49ae-8707-cb2417aa8629",
    "source": "uaz_dialog_agent",
    "sub_type": "rollcall:response",
    "timestamp": "2022-03-24T19:20:59.678170Z",
    "trial_id": "c38b02c2-7061-49d3-9f6a-66c002943b3f",
    "version": "4.1.6"
  }
}
