{
  "data": {
    "active": true,
    "state": "ok",
    "status": "I am processing messages"
  },
  "header": {
    "message_type": "status",
    "timestamp": "2022-04-23T21:54:57.220Z",
    "version": "0.6"
  },
  "msg": {
    "experiment_id": "8e6c2b0d-004b-49ae-8707-cb2417aa8629",
    "source": "uaz_dialog_agent",
    "sub_type": "heartbeat",
    "timestamp": "2022-04-23T21:54:57.220Z",
    "trial_id": "c38b02c2-7061-49d3-9f6a-66c002943b3f",
    "version": "4.1.5"
  }
}
