{
  "data": {
    "agent_name": "uaz_dialog_agent",
    "config": [],
    "dependencies": [],
    "owner": "University of Arizona",
    "publishes": [
      {
        "message_type": "event",
        "sub_type": "Event:dialogue_event",
        "topic": "agent/dialog"
      },
      {
        "message_type": "status",
        "sub_type": "heartbeat",
        "topic": "agent/uaz_dialog_agent/heartbeats"
      },
      {
        "message_type": "agent",
        "sub_type": "rollcall:response",
        "topic": "agent/control/rollcall/response"
      },
      {
        "message_type": "agent",
        "sub_type": "versioninfo",
        "topic": "agent/tomcat_textAnalyzer/versioninfo"
      }
    ],
    "source": [
      "https://gitlab.asist.aptima.com:5050/asist/testbed/uaz_dialog_agent:4.1.5"
    ],
    "subscribes": [
      {
        "message_type": "observation",
        "sub_type": "asr:transcription",
        "topic": "agent/asr/final"
      },
      {
        "message_type": "chat",
        "sub_type": "Event:Chat",
        "topic": "minecraft/chat"
      },
      {
        "message_type": "agent",
        "sub_type": "rollcall:request",
        "topic": "agent/control/rollcall/request"
      },
      {
        "message_type": "trial",
        "sub_type": "start",
        "topic": "trial"
      },
      {
        "message_type": "trial",
        "sub_type": "stop",
        "topic": "trial"
      }
    ],
    "version": "4.1.5"
  },
  "header": {
    "message_type": "agent",
    "timestamp": "2022-04-23T21:48:48.903Z",
    "version": "0.6"
  },
  "msg": {
    "experiment_id": "8e6c2b0d-004b-49ae-8707-cb2417aa8629",
    "source": "uaz_dialog_agent",
    "sub_type": "versioninfo",
    "timestamp": "2022-04-23T21:48:48.903Z",
    "trial_id": "c38b02c2-7061-49d3-9f6a-66c002943b3f",
    "version": "4.1.5"
  }
}
