{
  "data": {
    "asr_msg_id": "d2c9f1cc-463b-447b-b45d-4743167aa301",
    "extractions": [
      {
        "attachments": [],
        "end_offset": 107,
        "labels": [
          "Agreement",
          "Communicate",
          "SimpleAction",
          "Action",
          "EventLike",
          "Concept"
        ],
        "rule": "agree_token_match",
        "span": "okay",
        "start_offset": 103
      },
      {
        "arguments": {
          "topic": [
            {
              "attachments": [
                {
                  "agentType": "Team",
                  "labels": [
                    "Team",
                    "Entity",
                    "Concept"
                  ],
                  "span": [
                    12
                  ],
                  "text": "we"
                }
              ],
              "end_offset": 91,
              "labels": [
                "Search",
                "ComplexAction",
                "Action",
                "EventLike",
                "Concept"
              ],
              "rule": "i_am_searching",
              "span": "looking",
              "start_offset": 84
            }
          ]
        },
        "attachments": [
          {
            "agentType": "Team",
            "labels": [
              "Team",
              "Entity",
              "Concept"
            ],
            "span": [
              12
            ],
            "text": "we"
          }
        ],
        "end_offset": 91,
        "labels": [
          "MakeCommitment",
          "Commitment",
          "Plan",
          "Communicate",
          "SimpleAction",
          "Action",
          "EventLike",
          "Concept"
        ],
        "rule": "commit_to_something",
        "span": "can already looking",
        "start_offset": 72
      },
      {
        "attachments": [
          {
            "agentType": "Team",
            "labels": [
              "Team",
              "Entity",
              "Concept"
            ],
            "span": [
              12
            ],
            "text": "we"
          }
        ],
        "end_offset": 91,
        "labels": [
          "Search",
          "ComplexAction",
          "Action",
          "EventLike",
          "Concept"
        ],
        "rule": "i_am_searching",
        "span": "looking",
        "start_offset": 84
      }
    ],
    "participant_id": "Aptiminer1",
    "text": "anybody want to see the logs for their agent while we're waiting we all can already looking at my logs okay that's true I did share that link so leave me alone",
    "utterance_source": {
      "source_name": "agent/asr/final",
      "source_type": "message_bus"
    }
  },
  "header": {
    "message_type": "event",
    "timestamp": "2022-04-23T21:59:23.534Z",
    "version": "0.1"
  },
  "msg": {
    "experiment_id": "8e6c2b0d-004b-49ae-8707-cb2417aa8629",
    "source": "AC_UAZ_TA1_DialogAgent",
    "sub_type": "Event:dialogue_event",
    "timestamp": "2022-04-23T21:59:23.534Z",
    "trial_id": "c38b02c2-7061-49d3-9f6a-66c002943b3f",
    "version": "5.1.2"
  }
}
