{
  "data": {
    "asr_msg_id": "not_set",
    "extractions": [
      {
        "attachments": [],
        "end_offset": 42,
        "labels": [
          "Blue",
          "Player",
          "Entity",
          "Concept"
        ],
        "rule": "blue",
        "span": "Blue",
        "start_offset": 38
      },
      {
        "attachments": [],
        "end_offset": 33,
        "labels": [
          "Green",
          "Player",
          "Entity",
          "Concept"
        ],
        "rule": "green",
        "span": "Green",
        "start_offset": 28
      }
    ],
    "participant_id": "Server",
    "text": "{ \"text\": \"ADVISOR : Bravo, Green and Blue are working together!\", \"color\": \"yellow\"}",
    "utterance_source": {
      "source_name": "minecraft/chat",
      "source_type": "message_bus"
    }
  },
  "header": {
    "message_type": "event",
    "timestamp": "2022-04-23T21:56:33.747Z",
    "version": "1.1"
  },
  "msg": {
    "experiment_id": "8e6c2b0d-004b-49ae-8707-cb2417aa8629",
    "source": "uaz_dialog_agent",
    "sub_type": "Event:dialogue_event",
    "timestamp": "2022-04-23T21:56:33.747Z",
    "trial_id": "0a11991f-fae4-4750-8ac5-af51d40273e3",
    "version": "4.1.6"
  }
}
